components/3d/DepthFieldNetwork.tsx(90,9): error TS17004: Cannot use JSX unless the '--jsx' flag is provided.
components/3d/DepthFieldNetwork.tsx(91,13): error TS17004: Cannot use JSX unless the '--jsx' flag is provided.
components/3d/DepthFieldNetwork.tsx(92,17): error TS17004: Cannot use JSX unless the '--jsx' flag is provided.
components/3d/DepthFieldNetwork.tsx(101,13): error TS17004: Cannot use JSX unless the '--jsx' flag is provided.
components/3d/DepthFieldNetwork.tsx(102,17): error TS17004: Cannot use JSX unless the '--jsx' flag is provided.
components/3d/DepthFieldNetwork.tsx(103,21): error TS17004: Cannot use JSX unless the '--jsx' flag is provided.
components/3d/DepthFieldNetwork.tsx(111,17): error TS17004: Cannot use JSX unless the '--jsx' flag is provided.
components/3d/DepthFieldNetwork.tsx(124,9): error TS17004: Cannot use JSX unless the '--jsx' flag is provided.
components/3d/DepthFieldNetwork.tsx(125,13): error TS17004: Cannot use JSX unless the '--jsx' flag is provided.
components/3d/DepthFieldNetwork.tsx(126,17): error TS17004: Cannot use JSX unless the '--jsx' flag is provided.
components/3d/DepthFieldNetwork.tsx(127,17): error TS17004: Cannot use JSX unless the '--jsx' flag is provided.
components/3d/DepthFieldNetwork.tsx(128,17): error TS17004: Cannot use JSX unless the '--jsx' flag is provided.
components/3d/DepthFieldNetwork.tsx(129,17): error TS17004: Cannot use JSX unless the '--jsx' flag is provided.
components/3d/DepthFieldNetwork.tsx(130,21): error TS17004: Cannot use JSX unless the '--jsx' flag is provided.
node_modules/@react-three/fiber/dist/declarations/src/core/reconciler.d.ts(3,8): error TS1259: Module '"D:/Portfolio/portfolio-app/node_modules/@react-three/fiber/dist/declarations/react-reconciler/index"' can only be default-imported using the 'esModuleInterop' flag
node_modules/@react-three/postprocessing/dist/effects/Autofocus.d.ts(2,8): error TS1259: Module '"D:/Portfolio/portfolio-app/node_modules/@types/react/index"' can only be default-imported using the 'esModuleInterop' flag
node_modules/@react-three/postprocessing/dist/effects/ColorAverage.d.ts(2,8): error TS1259: Module '"D:/Portfolio/portfolio-app/node_modules/@types/react/index"' can only be default-imported using the 'esModuleInterop' flag
node_modules/@react-three/postprocessing/dist/effects/GodRays.d.ts(2,8): error TS1259: Module '"D:/Portfolio/portfolio-app/node_modules/@types/react/index"' can only be default-imported using the 'esModuleInterop' flag
node_modules/@react-three/postprocessing/dist/effects/Grid.d.ts(1,8): error TS1259: Module '"D:/Portfolio/portfolio-app/node_modules/@types/react/index"' can only be default-imported using the 'esModuleInterop' flag
node_modules/@react-three/postprocessing/dist/effects/LUT.d.ts(2,8): error TS1259: Module '"D:/Portfolio/portfolio-app/node_modules/@types/react/index"' can only be default-imported using the 'esModuleInterop' flag
node_modules/@react-three/postprocessing/dist/effects/N8AO.d.ts(17,112): error TS2304: Cannot find name 'N8AOPostPass'.
node_modules/@react-three/postprocessing/dist/effects/SelectiveBloom.d.ts(3,8): error TS1259: Module '"D:/Portfolio/portfolio-app/node_modules/@types/react/index"' can only be default-imported using the 'esModuleInterop' flag
node_modules/@react-three/postprocessing/dist/Selection.d.ts(2,8): error TS1259: Module '"D:/Portfolio/portfolio-app/node_modules/@types/react/index"' can only be default-imported using the 'esModuleInterop' flag
node_modules/@react-three/postprocessing/dist/util.d.ts(1,8): error TS1259: Module '"D:/Portfolio/portfolio-app/node_modules/@types/react/index"' can only be default-imported using the 'esModuleInterop' flag
